// Jest Snapshot v1, https://goo.gl/fbAQLP

exports[`movie list test suite movie list snapshot test 1`] = `
Array [
  <nav
    className="bzUqNu"
  >
    <h1
      className="kNcxAv"
    >
      OMDB Search
    </h1>
  </nav>,
  <div
    className="bppYUA"
    data-testid="search"
  >
    <input
      className="FEDUP"
      onChange={[Function]}
      placeholder="Enter your movie name"
      size="1rem"
      type="search"
      value=""
    />
  </div>,
  <div
    className="tjMdN"
  />,
]
`;
